
> frontend@0.0.0 test C:\Users\cesar\OneDrive\Documents\GitHub\easy-funnel\frontend
> vitest "--run"


[1m[30m[46m RUN [49m[39m[22m [36mv4.1.10 [39m[90mC:/Users/cesar/OneDrive/Documents/GitHub/easy-funnel/frontend[39m

 [31mÔØ»[39m src/App.test.tsx [2m([22m[2m0 test[22m[2m)[22m
node.exe : 
En C:\nvm4w\nodejs\pnpm.ps1: 16 Carácter: 5
+     & "$basedir/node$exe"  "$basedir/node_modules/pnpm/bin/pnpm.cjs"  ...
+     ~~~~~~~~~~~~~~~~~~~~~~~~~~~~~~~~~~~~~~~~~~~~~~~~~~~~~~~~~~~~~~~~~
    + CategoryInfo          : NotSpecified: (:String) [], RemoteException
    + FullyQualifiedErrorId : NativeCommandError
 
[31mÔÄ»ÔÄ»ÔÄ»ÔÄ»ÔÄ»ÔÄ»[39m[1m[41m Failed Suites 1 [49m[22m[31mÔÄ»ÔÄ»ÔÄ»ÔÄ»ÔÄ»ÔÄ»ÔÄ»[39m

[41m[1m FAIL [22m[49m src/App.test.tsx[2m [ src/App.test.tsx ][22m
[31m[1mError[22m: Cannot find module '../api' imported from 
C:/Users/cesar/OneDrive/Documents/GitHub/easy-funnel/frontend/src/features/auth/SessionContext.tsx[39m
[36m [2mÔØ»[22m src/features/auth/SessionContext.tsx:[2m17:1[22m[39m
    [90m 15|[39m   type [33mReactNode[39m[33m,[39m
    [90m 16|[39m } [35mfrom[39m [32m"react"[39m[33m;[39m
    [90m 17|[39m [35mimport[39m { [33mApiError[39m[33m,[39m authApi } [35mfrom[39m 
[32m"../api"[39m[33m;[39m
    [90m   |[39m [31m^[39m
    [90m 18|[39m
    [90m 19|[39m export type SessionStatus = "checking" | "authenticated" | "unauthentiÔÇª
[90m [2mÔØ»[22m src/App.tsx:[2m4:1[22m[39m

[31m[2mÔÄ»ÔÄ»ÔÄ»ÔÄ»ÔÄ»ÔÄ»ÔÄ»ÔÄ»ÔÄ»ÔÄ»ÔÄ»ÔÄ»ÔÄ»ÔÄ»ÔÄ»ÔÄ»ÔÄ»ÔÄ»ÔÄ»ÔÄ»ÔÄ»ÔÄ»ÔÄ»ÔÄ»[1/1]ÔÄ»[22m[39m


[2m Test Files [22m [1m[31m1 failed[39m[22m[90m (1)[39m
[2m      Tests [22m [2mno tests[22m
[2m   Start at [22m 02:31:54
[2m   Duration [22m 6.80s[2m (transform 154ms, setup 0ms, import 0ms, tests 0ms, environment 0ms)[22m

[41m[30mÔÇëELIFECYCLEÔÇë[39m[49m [31mTest failed. See above for more details.[39m
